// Vitest Snapshot v1, https://vitest.dev/guide/snapshot.html

exports[`Day-one role seed (P1.5) > produces a stable per-role permission set (snapshot) 1`] = `
{
  "admin": [
    "agents.create",
    "agents.credentials",
    "agents.debug",
    "agents.delete",
    "agents.edit",
    "agents.embed",
    "agents.run",
    "agents.view",
    "chat.create",
    "chat.delete",
    "chat.edit",
    "chat.embed",
    "chat.view",
    "chunks.create",
    "chunks.delete",
    "chunks.edit",
    "chunks.view",
    "dashboard.admin",
    "dashboard.view",
    "datasets.advanced",
    "datasets.create",
    "datasets.delete",
    "datasets.edit",
    "datasets.reindex",
    "datasets.share",
    "datasets.view",
    "document_categories.create",
    "document_categories.delete",
    "document_categories.edit",
    "document_categories.import",
    "document_categories.view",
    "documents.bulk",
    "documents.create",
    "documents.delete",
    "documents.edit",
    "documents.enrich",
    "documents.parse",
    "documents.view",
    "knowledge_base.chats",
    "knowledge_base.create",
    "knowledge_base.delete",
    "knowledge_base.edit",
    "knowledge_base.searches",
    "knowledge_base.share",
    "knowledge_base.sync",
    "knowledge_base.view",
    "llm_providers.create",
    "llm_providers.delete",
    "llm_providers.edit",
    "llm_providers.test",
    "llm_providers.view",
    "memory.create",
    "memory.delete",
    "memory.edit",
    "memory.view",
    "search_apps.create",
    "search_apps.delete",
    "search_apps.edit",
    "search_apps.embed",
    "search_apps.view",
    "system.parsing_config",
    "system.view",
    "system_history.view",
    "system_tools.run",
    "system_tools.view",
    "teams.create",
    "teams.delete",
    "teams.edit",
    "teams.members",
    "teams.permissions",
    "teams.view",
    "user_history.view",
    "users.assign_perms",
    "users.assign_role",
    "users.create",
    "users.delete",
    "users.edit",
    "users.view",
    "users.view_ip",
    "users.view_sessions",
  ],
  "leader": [
    "chat.create",
    "chat.delete",
    "chat.edit",
    "chat.embed",
    "chat.view",
    "chunks.create",
    "chunks.delete",
    "chunks.edit",
    "chunks.view",
    "dashboard.admin",
    "dashboard.view",
    "datasets.advanced",
    "datasets.create",
    "datasets.delete",
    "datasets.edit",
    "datasets.reindex",
    "datasets.share",
    "datasets.view",
    "documents.bulk",
    "documents.create",
    "documents.delete",
    "documents.edit",
    "documents.enrich",
    "documents.parse",
    "search_apps.create",
    "search_apps.delete",
    "search_apps.edit",
    "search_apps.embed",
    "search_apps.view",
    "system_tools.run",
    "system_tools.view",
    "teams.create",
    "teams.delete",
    "teams.edit",
    "teams.members",
    "teams.permissions",
    "teams.view",
    "user_history.view",
    "users.assign_perms",
    "users.assign_role",
    "users.create",
    "users.delete",
    "users.edit",
    "users.view",
    "users.view_ip",
    "users.view_sessions",
  ],
  "super-admin": [
    "agents.create",
    "agents.credentials",
    "agents.debug",
    "agents.delete",
    "agents.edit",
    "agents.embed",
    "agents.run",
    "agents.view",
    "chat.create",
    "chat.delete",
    "chat.edit",
    "chat.embed",
    "chat.view",
    "chunks.create",
    "chunks.delete",
    "chunks.edit",
    "chunks.view",
    "dashboard.admin",
    "dashboard.view",
    "datasets.advanced",
    "datasets.create",
    "datasets.delete",
    "datasets.edit",
    "datasets.reindex",
    "datasets.share",
    "datasets.view",
    "document_categories.create",
    "document_categories.delete",
    "document_categories.edit",
    "document_categories.import",
    "document_categories.view",
    "documents.bulk",
    "documents.create",
    "documents.delete",
    "documents.edit",
    "documents.enrich",
    "documents.parse",
    "documents.view",
    "knowledge_base.chats",
    "knowledge_base.create",
    "knowledge_base.delete",
    "knowledge_base.edit",
    "knowledge_base.searches",
    "knowledge_base.share",
    "knowledge_base.sync",
    "knowledge_base.view",
    "llm_providers.create",
    "llm_providers.delete",
    "llm_providers.edit",
    "llm_providers.test",
    "llm_providers.view",
    "memory.create",
    "memory.delete",
    "memory.edit",
    "memory.view",
    "search_apps.create",
    "search_apps.delete",
    "search_apps.edit",
    "search_apps.embed",
    "search_apps.view",
    "system.parsing_config",
    "system.view",
    "system_history.view",
    "system_tools.run",
    "system_tools.view",
    "teams.create",
    "teams.delete",
    "teams.edit",
    "teams.members",
    "teams.permissions",
    "teams.view",
    "user_history.view",
    "users.assign_perms",
    "users.assign_role",
    "users.create",
    "users.delete",
    "users.edit",
    "users.view",
    "users.view_ip",
    "users.view_sessions",
  ],
  "user": [
    "chat.view",
    "search_apps.view",
    "user_history.view",
  ],
}
`;
